#-----------------------------------------------------------
# Webtalk v2019.1 (64-bit)
# SW Build 2552052 on Fri May 24 14:47:09 MDT 2019
# IP Build 2548770 on Fri May 24 18:01:18 MDT 2019
# Start of session at: Wed Oct 27 12:59:13 2021
# Process ID: 11240
# Current directory: /home/giuseppericcio/Documenti/ASD/Riconoscitore_2_Modi_copia/Riconoscitore_2_Modi.sim/sim_1/behav/xsim
# Command line: wbtcv -mode batch -source /home/giuseppericcio/Documenti/ASD/Riconoscitore_2_Modi_copia/Riconoscitore_2_Modi.sim/sim_1/behav/xsim/xsim.dir/Riconoscitore_Mealy_2_Modi_01_TB_behav/webtalk/xsim_webtalk.tcl -notrace
# Log file: /home/giuseppericcio/Documenti/ASD/Riconoscitore_2_Modi_copia/Riconoscitore_2_Modi.sim/sim_1/behav/xsim/webtalk.log
# Journal file: /home/giuseppericcio/Documenti/ASD/Riconoscitore_2_Modi_copia/Riconoscitore_2_Modi.sim/sim_1/behav/xsim/webtalk.jou
#-----------------------------------------------------------
source /home/giuseppericcio/Documenti/ASD/Riconoscitore_2_Modi_copia/Riconoscitore_2_Modi.sim/sim_1/behav/xsim/xsim.dir/Riconoscitore_Mealy_2_Modi_01_TB_behav/webtalk/xsim_webtalk.tcl -notrace
