#-----------------------------------------------------------
# Vivado v2019.1 (64-bit)
# SW Build 2552052 on Fri May 24 14:49:42 MDT 2019
# IP Build 2548770 on Fri May 24 18:01:18 MDT 2019
# Start of session at: Mon Feb 14 11:29:39 2022
# Process ID: 16708
# Current directory: C:/Users/digig/OneDrive - Università di Napoli Federico II/Desktop/ARC/ProgettoASD_2021-22-main/Esercizio 2/Encoder_BCD_10_3/Encoder_BCD_10_3
# Command line: vivado.exe -gui_launcher_event rodinguilauncherevent17548 C:\Users\digig\OneDrive - Università di Napoli Federico II\Desktop\ARC\ProgettoASD_2021-22-main\Esercizio 2\Encoder_BCD_10_3\Encoder_BCD_10_3\Encoder_BCD_10_3.xpr
# Log file: C:/Users/digig/OneDrive - Università di Napoli Federico II/Desktop/ARC/ProgettoASD_2021-22-main/Esercizio 2/Encoder_BCD_10_3/Encoder_BCD_10_3/vivado.log
# Journal file: C:/Users/digig/OneDrive - Università di Napoli Federico II/Desktop/ARC/ProgettoASD_2021-22-main/Esercizio 2/Encoder_BCD_10_3/Encoder_BCD_10_3\vivado.jou
#-----------------------------------------------------------
start_gui
open_project {C:/Users/digig/OneDrive - Università di Napoli Federico II/Desktop/ARC/ProgettoASD_2021-22-main/Esercizio 2/Encoder_BCD_10_3/Encoder_BCD_10_3/Encoder_BCD_10_3.xpr}
update_compile_order -fileset sources_1
