#-----------------------------------------------------------
# Webtalk v2019.1 (64-bit)
# SW Build 2552052 on Fri May 24 14:49:42 MDT 2019
# IP Build 2548770 on Fri May 24 18:01:18 MDT 2019
# Start of session at: Thu Jan 20 19:36:14 2022
# Process ID: 18132
# Current directory: C:/Users/AR/Desktop/UNI/Architettura dei Sistemi Digitali/Esercitazioni ASDI/Interfaccia_Seriale_02/Robertson_MULTIP/Robertson_MULTIP.sim/sim_1/behav/xsim
# Command line: wbtcv.exe -mode batch -source C:/Users/AR/Desktop/UNI/Architettura dei Sistemi Digitali/Esercitazioni ASDI/Interfaccia_Seriale_02/Robertson_MULTIP/Robertson_MULTIP.sim/sim_1/behav/xsim/xsim.dir/tb_Robertson_behav/webtalk/xsim_webtalk.tcl -notrace
# Log file: C:/Users/AR/Desktop/UNI/Architettura dei Sistemi Digitali/Esercitazioni ASDI/Interfaccia_Seriale_02/Robertson_MULTIP/Robertson_MULTIP.sim/sim_1/behav/xsim/webtalk.log
# Journal file: C:/Users/AR/Desktop/UNI/Architettura dei Sistemi Digitali/Esercitazioni ASDI/Interfaccia_Seriale_02/Robertson_MULTIP/Robertson_MULTIP.sim/sim_1/behav/xsim\webtalk.jou
#-----------------------------------------------------------
source C:/Users/AR/Desktop/UNI/Architettura -notrace
